// Jest Snapshot v1, https://goo.gl/fbAQLP

exports[`Product component renders correctly 1`] = `
<TouchableOpacity
  activeOpacity={0.2}
  onPress={[Function]}
  style={
    Object {
      "backgroundColor": "#ffffff",
      "flex": 1,
      "padding": 8,
    }
  }
>
  <View
    style={
      Object {
        "alignItems": "center",
        "alignSelf": "stretch",
        "justifyContent": "center",
        "marginTop": 10,
        "overflow": "hidden",
      }
    }
  >
    <Image
      source={
        Object {
          "uri": "http:",
        }
      }
      style={
        Object {
          "height": 250,
          "width": 250,
        }
      }
    />
  </View>
  <TouchableOpacity
    activeOpacity={0.2}
    onPress={[Function]}
  >
    <View
      style={
        Object {
          "alignItems": "center",
          "backgroundColor": "#00a8f3",
          "justifyContent": "center",
          "marginLeft": "auto",
          "padding": 2,
          "width": 70,
        }
      }
    >
      <Text
        style={
          Object {
            "color": "#ffffff",
          }
        }
      >
        In Stock
      </Text>
    </View>
  </TouchableOpacity>
  <Text
    style={
      Object {
        "fontSize": 18,
      }
    }
  />
  <View
    style={
      Object {
        "flexDirection": "row",
      }
    }
  >
    <Text
      style={
        Object {
          "fontSize": 18,
          "fontWeight": "bold",
        }
      }
    >
      $undefined
    </Text>
  </View>
</TouchableOpacity>
`;
