// Jest Snapshot v1, https://goo.gl/fbAQLP

exports[`Divider component renders correctly 1`] = `
<View
  style={
    Object {
      "backgroundColor": "#ebebeb",
      "height": 10,
    }
  }
/>
`;
